public too short:
error: Invalid key size
public too long:
error: Invalid key size

alice_public:
85 20 f0 09 89 30 a7 54  74 8b 7d dc b4 3e f7 5a
0d bf 3a 0d 26 38 1a f4  eb a4 a9 8e aa 9b 4e 6a
bob_public:
de 9e db 7d 7b 7d c1 b4  d3 5b 61 c2 ec e4 35 37
3f 83 43 c8 5b 78 67 4d  ad fc 7e 14 6f 88 2b 4f
pub_a * priv_b:
4a 5d 9d 5b a4 ce 2d e1  72 8e 3b f4 80 35 0f 25
e0 7e 21 c9 47 d1 9e 33  76 f0 9b 3c 1e 16 17 42
pub_b * priv_a:
4a 5d 9d 5b a4 ce 2d e1  72 8e 3b f4 80 35 0f 25
e0 7e 21 c9 47 d1 9e 33  76 f0 9b 3c 1e 16 17 42
pub = 0:
error: Public key with low order
low order point:
error: Public key with low order

