Error in the OCaml file include code block in test-case.md at line 3:
In file ./parts-begin-end.ml, line 6: There is no part to end.
