File "test-case.md", line 3, character 25: invalid code block: `toto` is not a valid label.
