Error in the OCaml file include code block in test-case.md at line 4:
Cannot find part "part1" in ./part_not_found.ml
