open! Core

let%expect_test _ =
  [%expect {| |}];
  Printexc.record_backtrace false;
  ignore (failwith "hi ho");
  [%expect.unreachable]
[@@expect.uncaught_exn {| (Failure "hi ho") |}]
