Error in the code block in test-case.md at line 4:
Parts are not supported for non-OCaml code blocks.
